// Vitest Snapshot v1, https://vitest.dev/guide/snapshot.html

exports[`Quadtree > Quadrants are correctly computed 1`] = `
[
  [
    ,
    ,
    [
      {
        "entity": {
          "id": "n8",
          "index": 7,
          "mass": 2000,
          "radius": 50,
          "vx": 0,
          "vy": 0,
          "x": -63.112293587025846,
          "y": -121.51888083003833,
        },
        "next": null,
      },
      ,
      {
        "entity": {
          "id": "n5",
          "index": 4,
          "mass": 2000,
          "radius": 50,
          "vx": 0,
          "vy": 0,
          "x": -104.4446374488569,
          "y": -18.474785741026498,
        },
        "next": null,
      },
      {
        "entity": {
          "id": "n3",
          "index": 2,
          "mass": 2000,
          "radius": 50,
          "vx": 0,
          "vy": 0,
          "x": 6.911610404911818,
          "y": -78.75423570583817,
        },
        "next": null,
      },
    ],
    {
      "entity": {
        "id": "n6",
        "index": 5,
        "mass": 2000,
        "radius": 50,
        "vx": 0,
        "vy": 0,
        "x": 98.9390783055633,
        "y": -62.93694291944608,
      },
      "next": null,
    },
  ],
  {
    "entity": {
      "id": "n1",
      "index": 0,
      "mass": 2000,
      "radius": 1000,
      "vx": 0,
      "vy": 0,
      "x": 707.1067811865476,
      "y": 0,
    },
    "next": null,
  },
  [
    [
      [
        ,
        {
          "entity": {
            "id": "n2",
            "index": 1,
            "mass": 2000,
            "radius": 50,
            "vx": 0,
            "vy": 0,
            "x": -45.1544375875096,
            "y": 41.36516367857983,
          },
          "next": null,
        },
        {
          "entity": {
            "id": "n10",
            "index": 9,
            "mass": 2000,
            "radius": 50,
            "vx": 0,
            "vy": 0,
            "x": -142.45121724595074,
            "y": 58.801791683136194,
          },
          "next": null,
        },
        ,
      ],
      {
        "entity": {
          "id": "n4",
          "index": 3,
          "mass": 2000,
          "radius": 50,
          "vx": 0,
          "vy": 0,
          "x": 56.914243964547104,
          "y": 74.23455283049809,
        },
        "next": null,
      },
      ,
      {
        "entity": {
          "id": "n7",
          "index": 6,
          "mass": 2000,
          "radius": 50,
          "vx": 0,
          "vy": 0,
          "x": -33.093185412634526,
          "y": 123.10500022032001,
        },
        "next": null,
      },
    ],
    {
      "entity": {
        "id": "n9",
        "index": 8,
        "mass": 2000,
        "radius": 50,
        "vx": 0,
        "vy": 0,
        "x": 136.92843231674152,
        "y": 50.006043867512076,
      },
      "next": null,
    },
    ,
    ,
  ],
  ,
]
`;
